../Core/Src/main.c:74:6:Latch	8	static
../Core/Src/main.c:79:6:writeData	16	static
../Core/Src/main.c:98:6:clearScreen	16	static
../Core/Src/main.c:107:6:drawPixel	16	static
../Core/Src/main.c:113:6:HAL_TIM_PeriodElapsedCallback	16	static
../Core/Src/main.c:123:5:pows	24	static
../Core/Src/main.c:135:6:setAreaData	24	static
../Core/Src/main.c:153:6:WRITEE	56	static
../Core/Src/main.c:228:5:main	8	static
../Core/Src/main.c:303:6:SystemClock_Config	88	static
../Core/Src/main.c:345:13:MX_SPI1_Init	8	static
../Core/Src/main.c:383:13:MX_TIM2_Init	32	static
../Core/Src/main.c:428:13:MX_GPIO_Init	40	static
../Core/Src/main.c:456:6:Error_Handler	4	static,ignoring_inline_asm
