../Core/Src/main.c:74:6:Latch	8	static
../Core/Src/main.c:79:6:writeData	16	static
../Core/Src/main.c:98:6:clearScreen	16	static
../Core/Src/main.c:108:6:HAL_TIM_PeriodElapsedCallback	16	static
../Core/Src/main.c:118:5:pows	24	static
../Core/Src/main.c:130:6:setAreaData	16	static
../Core/Src/main.c:148:6:WRITEE	48	static
../Core/Src/main.c:199:5:main	8	static
../Core/Src/main.c:273:6:SystemClock_Config	88	static
../Core/Src/main.c:315:13:MX_SPI1_Init	8	static
../Core/Src/main.c:353:13:MX_TIM2_Init	32	static
../Core/Src/main.c:398:13:MX_GPIO_Init	40	static
../Core/Src/main.c:426:6:Error_Handler	4	static,ignoring_inline_asm
