../Core/Src/main.c:104:6:HAL_TIM_PeriodElapsedCallback	32	static
../Core/Src/main.c:136:5:main	112	static
../Core/Src/main.c:199:6:SystemClock_Config	72	static
../Core/Src/main.c:239:13:MX_I2C1_Init	8	static
../Core/Src/main.c:273:13:MX_I2C2_Init	8	static
../Core/Src/main.c:307:13:MX_SPI1_Init	8	static
../Core/Src/main.c:345:13:MX_TIM2_Init	32	static
../Core/Src/main.c:390:13:MX_USART1_UART_Init	8	static
../Core/Src/main.c:423:13:MX_GPIO_Init	40	static
../Core/Src/main.c:463:6:Error_Handler	4	static,ignoring_inline_asm
