../Core/Src/MY_NRF24.c:49:6:NRF24_DelayMicroSeconds	24	static
../Core/Src/MY_NRF24.c:57:6:NRF24_csn	16	static
../Core/Src/MY_NRF24.c:63:6:NRF24_ce	16	static
../Core/Src/MY_NRF24.c:69:9:NRF24_read_register	24	static
../Core/Src/MY_NRF24.c:86:6:NRF24_read_registerN	24	static
../Core/Src/MY_NRF24.c:101:6:NRF24_write_register	24	static
../Core/Src/MY_NRF24.c:114:6:NRF24_write_registerN	24	static
../Core/Src/MY_NRF24.c:127:6:NRF24_write_payload	24	static
../Core/Src/MY_NRF24.c:140:6:NRF24_read_payload	24	static
../Core/Src/MY_NRF24.c:154:6:NRF24_flush_tx	8	static
../Core/Src/MY_NRF24.c:159:6:NRF24_flush_rx	8	static
../Core/Src/MY_NRF24.c:164:9:NRF24_get_status	16	static
../Core/Src/MY_NRF24.c:172:6:NRF24_begin	24	static
../Core/Src/MY_NRF24.c:244:6:NRF24_startListening	8	static
../Core/Src/MY_NRF24.c:261:6:NRF24_stopListening	8	static
../Core/Src/MY_NRF24.c:268:6:NRF24_write	32	static
../Core/Src/MY_NRF24.c:304:6:NRF24_available	8	static
../Core/Src/MY_NRF24.c:309:6:NRF24_read	24	static
../Core/Src/MY_NRF24.c:318:6:NRF24_openWritingPipe	24	static
../Core/Src/MY_NRF24.c:327:6:NRF24_openReadingPipe	24	static
../Core/Src/MY_NRF24.c:351:6:NRF24_setRetries	16	static
../Core/Src/MY_NRF24.c:357:6:NRF24_setChannel	24	static
../Core/Src/MY_NRF24.c:363:6:NRF24_setPayloadSize	24	static
../Core/Src/MY_NRF24.c:369:9:NRF24_getPayloadSize	4	static
../Core/Src/MY_NRF24.c:374:9:NRF24_getDynamicPayloadSize	8	static
../Core/Src/MY_NRF24.c:379:6:NRF24_enableAckPayload	8	static
../Core/Src/MY_NRF24.c:392:6:NRF24_enableDynamicPayloads	8	static
../Core/Src/MY_NRF24.c:406:6:NRF24_disableDynamicPayloads	8	static
../Core/Src/MY_NRF24.c:414:6:NRF24_isNRF_Plus	4	static
../Core/Src/MY_NRF24.c:419:6:NRF24_setAutoAck	16	static
../Core/Src/MY_NRF24.c:427:6:NRF24_setAutoAckPipe	24	static
../Core/Src/MY_NRF24.c:444:6:NRF24_setPALevel	24	static
../Core/Src/MY_NRF24.c:475:15:NRF24_getPALevel	16	static
../Core/Src/MY_NRF24.c:501:6:NRF24_setDataRate	24	static
../Core/Src/MY_NRF24.c:546:17:NRF24_getDataRate	16	static
../Core/Src/MY_NRF24.c:571:6:NRF24_setCRCLength	24	static
../Core/Src/MY_NRF24.c:592:18:NRF24_getCRCLength	16	static
../Core/Src/MY_NRF24.c:608:6:NRF24_disableCRC	16	static
../Core/Src/MY_NRF24.c:614:6:NRF24_powerUp	8	static
../Core/Src/MY_NRF24.c:619:6:NRF24_powerDown	8	static
../Core/Src/MY_NRF24.c:624:6:NRF24_availablePipe	24	static
../Core/Src/MY_NRF24.c:648:6:NRF24_startWrite	16	static
../Core/Src/MY_NRF24.c:665:6:NRF24_writeAckPayload	24	static
../Core/Src/MY_NRF24.c:676:6:NRF24_isAckPayloadAvailable	16	static
../Core/Src/MY_NRF24.c:683:6:NRF24_whatHappened	32	static
../Core/Src/MY_NRF24.c:694:6:NRF24_testCarrier	8	static
../Core/Src/MY_NRF24.c:699:6:NRF24_testRPD	8	static
../Core/Src/MY_NRF24.c:705:6:NRF24_resetStatus	8	static
../Core/Src/MY_NRF24.c:711:6:NRF24_ACTIVATE_cmd	16	static
../Core/Src/MY_NRF24.c:722:9:NRF24_GetAckPayloadSize	4	static
../Core/Src/MY_NRF24.c:727:6:printRadioSettings	152	static
../Core/Src/MY_NRF24.c:854:6:printStatusReg	136	static
../Core/Src/MY_NRF24.c:870:6:printConfigReg	112	static
../Core/Src/MY_NRF24.c:888:6:nrf24_DebugUART_Init	8	static
../Core/Src/MY_NRF24.c:893:6:printFIFOstatus	128	static
