../Drivers/CMSIS/Include/core_cm3.h:1511:22:__NVIC_EnableIRQ	16	static
../Drivers/CMSIS/Include/core_cm3.h:1639:22:__NVIC_SetPriority	16	static
../Core/Src/main.c:75:6:EXTI1_IRQHandler	8	static
../Core/Src/main.c:94:6:TIM2_IRQHandler	8	static
../Core/Src/main.c:100:6:HAL_TIM_PeriodElapsedCallback	24	static
../Core/Src/main.c:134:5:main	8	static
../Core/Src/main.c:193:6:SystemClock_Config	72	static
../Core/Src/main.c:232:13:MX_I2C1_Init	8	static
../Core/Src/main.c:266:13:MX_TIM2_Init	32	static
../Core/Src/main.c:311:13:MX_TIM4_Init	32	static
../Core/Src/main.c:356:13:MX_GPIO_Init	40	static
../Core/Src/main.c:385:6:Error_Handler	4	static
