../Core/Src/main.c:83:9:findCharIndex	24	static
../Core/Src/main.c:92:6:Latch	8	static
../Core/Src/main.c:97:6:writeData	16	static
../Core/Src/main.c:116:6:clearScreen	16	static
../Core/Src/main.c:125:6:drawPixel	16	static
../Core/Src/main.c:131:6:HAL_TIM_PeriodElapsedCallback	16	static
../Core/Src/main.c:141:5:pows	24	static
../Core/Src/main.c:153:6:setAreaData	24	static
../Core/Src/main.c:171:6:WRITEE	88	static
../Core/Src/main.c:274:5:main	8	static
../Core/Src/main.c:349:6:SystemClock_Config	88	static
../Core/Src/main.c:391:13:MX_SPI1_Init	8	static
../Core/Src/main.c:429:13:MX_TIM2_Init	32	static
../Core/Src/main.c:474:13:MX_GPIO_Init	40	static
../Core/Src/main.c:502:6:Error_Handler	4	static,ignoring_inline_asm
