../Drivers/CMSIS/Include/core_cm3.h:1511:22:__NVIC_EnableIRQ	16	static
../Drivers/CMSIS/Include/core_cm3.h:1639:22:__NVIC_SetPriority	16	static
../Core/Src/main.c:57:6:activeTimer	40	static
../Core/Src/main.c:79:6:stopTimer	8	static
../Core/Src/main.c:83:6:startTimer	8	static
../Core/Src/main.c:87:6:activePinA	16	static
../Core/Src/main.c:92:6:activeExtiPin	16	static
../Core/Src/main.c:104:6:EXTI1_IRQHandler	8	static
../Core/Src/main.c:118:6:startStopTimer	8	static
../Core/Src/main.c:130:6:writePinA	16	static
../Core/Src/main.c:139:6:TIM2_IRQHandler	8	static
../Core/Src/main.c:143:6:HAL_TIM_PeriodElapsedCallback	16	static
../Core/Src/main.c:165:5:main	8	static
../Core/Src/main.c:219:6:SystemClock_Config	72	static
../Core/Src/main.c:258:13:MX_GPIO_Init	32	static
../Core/Src/main.c:282:6:Error_Handler	4	static,ignoring_inline_asm
