../Core/Src/GFX_FUNCTIONS.c:14:6:drawPixel	16	static
../Core/Src/GFX_FUNCTIONS.c:19:6:fillRect	32	static
../Core/Src/GFX_FUNCTIONS.c:38:6:writePixel	16	static
../Core/Src/GFX_FUNCTIONS.c:43:6:writeLine	48	static
../Core/Src/GFX_FUNCTIONS.c:83:7:drawFastVLine	32	static
../Core/Src/GFX_FUNCTIONS.c:87:7:drawFastHLine	32	static
../Core/Src/GFX_FUNCTIONS.c:92:6:drawLine	40	static
../Core/Src/GFX_FUNCTIONS.c:105:6:drawCircle	40	static
../Core/Src/GFX_FUNCTIONS.c:139:6:drawCircleHelper	40	static
../Core/Src/GFX_FUNCTIONS.c:175:6:fillCircleHelper	40	static
../Core/Src/GFX_FUNCTIONS.c:212:6:fillCircle	32	static
../Core/Src/GFX_FUNCTIONS.c:220:6:drawRect	24	static
../Core/Src/GFX_FUNCTIONS.c:228:6:drawRoundRect	40	static
../Core/Src/GFX_FUNCTIONS.c:245:6:fillRoundRect	40	static
../Core/Src/GFX_FUNCTIONS.c:257:6:drawTriangle	32	static
../Core/Src/GFX_FUNCTIONS.c:265:6:fillTriangle	72	static
../Core/Src/GFX_FUNCTIONS.c:342:6:fillScreen	24	static
../Core/Src/GFX_FUNCTIONS.c:348:6:testLines	56	static
../Core/Src/GFX_FUNCTIONS.c:391:6:testFastLines	32	static
../Core/Src/GFX_FUNCTIONS.c:400:6:testRects	56	static
../Core/Src/GFX_FUNCTIONS.c:415:6:testFilledRects	56	static
../Core/Src/GFX_FUNCTIONS.c:432:6:testFilledCircles	40	static
../Core/Src/GFX_FUNCTIONS.c:445:6:testCircles	40	static
../Core/Src/GFX_FUNCTIONS.c:461:6:testTriangles	56	static
../Core/Src/GFX_FUNCTIONS.c:478:6:testFilledTriangles	56	static
../Core/Src/GFX_FUNCTIONS.c:491:6:testRoundRects	56	static
../Core/Src/GFX_FUNCTIONS.c:508:6:testFilledRoundRects	48	static
../Core/Src/GFX_FUNCTIONS.c:523:6:testFillScreen	8	static
../Core/Src/GFX_FUNCTIONS.c:532:6:testAll	8	static
