../Core/Src/MY_NRF24.c:49:6:NRF24_DelayMicroSeconds	24	static
../Core/Src/MY_NRF24.c:57:6:NRF24_csn	16	static
../Core/Src/MY_NRF24.c:63:6:NRF24_ce	16	static
../Core/Src/MY_NRF24.c:69:9:NRF24_read_register	24	static
../Core/Src/MY_NRF24.c:86:6:NRF24_read_registerN	24	static
../Core/Src/MY_NRF24.c:101:6:NRF24_write_register	24	static
../Core/Src/MY_NRF24.c:114:6:NRF24_write_registerN	24	static
../Core/Src/MY_NRF24.c:127:6:NRF24_write_payload	24	static
../Core/Src/MY_NRF24.c:140:6:NRF24_read_payload	24	static
../Core/Src/MY_NRF24.c:154:6:NRF24_flush_tx	8	static
../Core/Src/MY_NRF24.c:159:6:NRF24_flush_rx	8	static
../Core/Src/MY_NRF24.c:164:9:NRF24_get_status	16	static
../Core/Src/MY_NRF24.c:172:6:NRF24_begin	24	static
../Core/Src/MY_NRF24.c:245:6:NRF24_startListening	8	static
../Core/Src/MY_NRF24.c:262:6:NRF24_stopListening	8	static
../Core/Src/MY_NRF24.c:269:6:NRF24_write	32	static
../Core/Src/MY_NRF24.c:305:6:NRF24_available	8	static
../Core/Src/MY_NRF24.c:311:6:NRF24_read	24	static
../Core/Src/MY_NRF24.c:320:6:NRF24_openWritingPipe	24	static
../Core/Src/MY_NRF24.c:329:6:NRF24_openReadingPipe	24	static
../Core/Src/MY_NRF24.c:353:6:NRF24_setRetries	16	static
../Core/Src/MY_NRF24.c:359:6:NRF24_setChannel	24	static
../Core/Src/MY_NRF24.c:365:6:NRF24_setPayloadSize	24	static
../Core/Src/MY_NRF24.c:371:9:NRF24_getPayloadSize	4	static
../Core/Src/MY_NRF24.c:376:9:NRF24_getDynamicPayloadSize	8	static
../Core/Src/MY_NRF24.c:381:6:NRF24_enableAckPayload	8	static
../Core/Src/MY_NRF24.c:394:6:NRF24_enableDynamicPayloads	8	static
../Core/Src/MY_NRF24.c:408:6:NRF24_disableDynamicPayloads	8	static
../Core/Src/MY_NRF24.c:416:6:NRF24_isNRF_Plus	4	static
../Core/Src/MY_NRF24.c:421:6:NRF24_setAutoAck	16	static
../Core/Src/MY_NRF24.c:429:6:NRF24_setAutoAckPipe	24	static
../Core/Src/MY_NRF24.c:446:6:NRF24_setPALevel	24	static
../Core/Src/MY_NRF24.c:477:15:NRF24_getPALevel	16	static
../Core/Src/MY_NRF24.c:503:6:NRF24_setDataRate	24	static
../Core/Src/MY_NRF24.c:548:17:NRF24_getDataRate	16	static
../Core/Src/MY_NRF24.c:573:6:NRF24_setCRCLength	24	static
../Core/Src/MY_NRF24.c:594:18:NRF24_getCRCLength	16	static
../Core/Src/MY_NRF24.c:610:6:NRF24_disableCRC	16	static
../Core/Src/MY_NRF24.c:616:6:NRF24_powerUp	8	static
../Core/Src/MY_NRF24.c:621:6:NRF24_powerDown	8	static
../Core/Src/MY_NRF24.c:626:6:NRF24_availablePipe	24	static
../Core/Src/MY_NRF24.c:650:6:NRF24_startWrite	16	static
../Core/Src/MY_NRF24.c:667:6:NRF24_writeAckPayload	24	static
../Core/Src/MY_NRF24.c:678:6:NRF24_isAckPayloadAvailable	16	static
../Core/Src/MY_NRF24.c:685:6:NRF24_whatHappened	32	static
../Core/Src/MY_NRF24.c:696:6:NRF24_testCarrier	8	static
../Core/Src/MY_NRF24.c:701:6:NRF24_testRPD	8	static
../Core/Src/MY_NRF24.c:707:6:NRF24_resetStatus	8	static
../Core/Src/MY_NRF24.c:713:6:NRF24_ACTIVATE_cmd	16	static
../Core/Src/MY_NRF24.c:724:9:NRF24_GetAckPayloadSize	4	static
